[backblue.gif]
[fade.gif]
[index.html]
[localhost/deptsite/wordpress/indexd784.html]
[localhost/deptsite/wordpress/indexa6da.html]
[localhost/deptsite/wordpress/wp-includes/js/jquery/jquery4a5f.js]
[localhost/deptsite/wordpress/wp-includes/js/jquery/jquery-migrate.min330a.js]
[localhost/deptsite/wordpress/wp-content/plugins/learnpress/assets/js/vendor/watche131.js]
[localhost/deptsite/wordpress/wp-content/plugins/learnpress/assets/js/vendor/jquery.alerte131.js]
[localhost/deptsite/wordpress/wp-content/plugins/learnpress/assets/js/vendor/circle-bare131.js]
[localhost/deptsite/wordpress/wp-includes/js/underscore.min4511.js]
[localhost/deptsite/wordpress/wp-includes/js/utils.min2513.js]
[localhost/deptsite/wordpress/wp-content/plugins/learnpress/assets/js/globale131.js]
[localhost/deptsite/wordpress/wp-content/plugins/learnpress/assets/js/vendor/jquery-scrollbar/jquery.scrollbare131.js]
[localhost/deptsite/wordpress/wp-content/plugins/learnpress/assets/js/frontend/learnpresse131.js]
[localhost/deptsite/wordpress/wp-content/plugins/learnpress/assets/js/frontend/coursee131.js]
[localhost/deptsite/wordpress/wp-content/plugins/learnpress/assets/js/vendor/jquery.scrollToe131.js]
[localhost/deptsite/wordpress/wp-content/plugins/learnpress/assets/js/frontend/become-teachere131.js]
[localhost/deptsite/wordpress/index52f0.json]
[localhost/deptsite/wordpress/xmlrpc0db0.php]
[localhost/deptsite/wordpress/wp-includes/wlwmanifest.xml]
[localhost/deptsite/wordpress/index2b92.json]
[localhost/deptsite/wordpress/index84e5.php]
[localhost/deptsite/wordpress/wp-content/uploads/2019/07/cropped-1-1-32x32.png]
[localhost/deptsite/wordpress/wp-content/uploads/2019/07/cropped-1-1-192x192.png]
[localhost/deptsite/wordpress/wp-content/uploads/2019/07/cropped-1-1-180x180.png]
[localhost/deptsite/wordpress/wp-content/uploads/2019/09/cropped-College-1-1-2.jpg]
[localhost/deptsite/wordpress/wp-content/uploads/2019/07/IMG-20190304-WA0007.jpg]
[localhost/deptsite/wordpress/wp-content/uploads/2019/07/IMG_0568-2000x1000.jpg]
[localhost/deptsite/wordpress/wp-content/uploads/2019/07/IMG_0328-2000x1000.jpg]
[localhost/deptsite/wordpress/wp-content/uploads/2019/07/DSC_0416-2000x1000.jpg]
[localhost/deptsite/wordpress/wp-content/uploads/2019/07/DSC_0408-2000x1000.jpg]
[localhost/deptsite/wordpress/wp-content/uploads/2019/07/IMG_0004-2000x1000.jpg]
[localhost/deptsite/wordpress/wp-content/uploads/2019/07/DSC_0432-2000x1000.jpg]
[localhost/deptsite/wordpress/wp-content/uploads/2019/07/IMG_0125-2000x1000.jpg]
[localhost/deptsite/wordpress/wp-content/uploads/2019/07/DSC_0198-2000x1000.jpg]
[localhost/deptsite/wordpress/wp-content/uploads/2019/07/10-370x250.jpg]
[localhost/deptsite/wordpress/wp-content/uploads/2019/07/09-1-370x250.jpg]
[localhost/deptsite/wordpress/wp-content/uploads/2019/07/15-2-370x250.jpg]
[localhost/deptsite/wordpress/wp-content/uploads/2018/07/82CDA3A4-4BFE-460F-9A29-4522C3957681-150x150.jpg]
[localhost/deptsite/wordpress/wp-content/uploads/2018/07/17C31DDA-3A82-4E3B-ABA6-4550E356E072-150x150.jpg]
[localhost/deptsite/wordpress/wp-content/uploads/2018/07/1B79593A-0545-4CA9-95FE-E053C55429DA-150x150.jpg]
[localhost/deptsite/wordpress/wp-content/uploads/2019/07/14-2.jpg]
[localhost/deptsite/wordpress/wp-content/plugins/contact-form-7/includes/js/scriptsbdeb.js]
[localhost/deptsite/wordpress/wp-content/themes/free-education/assets/js/popper.min3d36.js]
[localhost/deptsite/wordpress/wp-content/themes/free-education/assets/js/bootstrap.min3d36.js]
[localhost/deptsite/wordpress/wp-content/themes/free-education/assets/js/jquery.stellar.min3d36.js]
[localhost/deptsite/wordpress/wp-content/themes/free-education/assets/js/particles.min3d36.js]
[localhost/deptsite/wordpress/wp-content/themes/free-education/assets/js/facnybox.min3d36.js]
[localhost/deptsite/wordpress/wp-content/themes/free-education/assets/js/jquery.magnific-popup.min3d36.js]
[localhost/deptsite/wordpress/wp-includes/js/imagesloaded.min55a0.js]
[localhost/deptsite/wordpress/wp-includes/js/masonry.mind617.js]
[localhost/deptsite/wordpress/wp-content/themes/free-education/assets/js/circle-progress.min3d36.js]
[localhost/deptsite/wordpress/wp-content/themes/free-education/assets/js/owl.carousel.min3d36.js]
[localhost/deptsite/wordpress/wp-content/themes/free-education/assets/js/waypoints.min3d36.js]
[localhost/deptsite/wordpress/wp-content/themes/free-education/assets/js/slicknav.min3d36.js]
[localhost/deptsite/wordpress/wp-content/themes/free-education/assets/js/jquery.counterup.min3d36.js]
[localhost/deptsite/wordpress/wp-content/themes/free-education/assets/js/easing.min3d36.js]
[localhost/deptsite/wordpress/wp-content/themes/free-education/assets/js/wow.min3d36.js]
[localhost/deptsite/wordpress/wp-content/themes/free-education/assets/js/jquery.scrollUp.min3d36.js]
[localhost/deptsite/wordpress/wp-content/themes/free-education/assets/js/main3d36.js]
[localhost/deptsite/wordpress/wp-content/themes/free-education/js/navigation4a7d.js]
[localhost/deptsite/wordpress/wp-content/themes/free-education/js/skip-link-focus-fix4a7d.js]
[localhost/deptsite/wordpress/wp-includes/js/wp-embed.min2513.js]
[localhost/deptsite/wordpress/index.html]
[localhost/deptsite/wordpress/wp-includes/css/dist/block-library/style.min2513.css]
[localhost/deptsite/wordpress/wp-content/plugins/contact-form-7/images/ajax-loader.gif]
[localhost/deptsite/wordpress/wp-content/plugins/contact-form-7/includes/css/stylesbdeb.css]
[localhost/deptsite/wordpress/wp-content/themes/free-education/assets/css/bootstrap.mincce7.css]
[localhost/deptsite/wordpress/wp-content/themes/free-education/assets/fonts/fontawesome-webfont3e6e.eot]
[localhost/deptsite/wordpress/wp-content/themes/free-education/assets/fonts/fontawesome-webfontd41d.eot]
[localhost/deptsite/wordpress/wp-content/themes/free-education/assets/fonts/fontawesome-webfont3e6e.woff2]
[localhost/deptsite/wordpress/wp-content/themes/free-education/assets/fonts/fontawesome-webfont3e6e.woff]
[localhost/deptsite/wordpress/wp-content/themes/free-education/assets/fonts/fontawesome-webfont3e6e.ttf]
[localhost/deptsite/wordpress/wp-content/themes/free-education/assets/css/font-awesome.min1849.css]
[localhost/deptsite/wordpress/wp-content/themes/free-education/assets/css/jquery.fancybox.min1849.css]
[localhost/deptsite/wordpress/wp-content/themes/free-education/assets/css/owl.carousel.min1849.css]
[localhost/deptsite/wordpress/wp-content/themes/free-education/assets/css/owl.theme.default.min1849.css]
[localhost/deptsite/wordpress/wp-content/themes/free-education/assets/css/animate.min1849.css]
[localhost/deptsite/wordpress/wp-content/themes/free-education/assets/css/slicknav.min1849.css]
[localhost/deptsite/wordpress/wp-content/themes/free-education/assets/css/magnific-popup1849.css]
[localhost/deptsite/wordpress/wp-content/themes/free-education/assets/css/normalize1849.css]
[localhost/deptsite/wordpress/wp-content/themes/free-education/style2513.css]
[localhost/deptsite/wordpress/wp-content/themes/free-education/assets/css/responsive1849.css]
[localhost/deptsite/wordpress/wp-content/themes/free-education/assets/css/color/color11849.css]
[localhost/deptsite/wordpress/wp-content/plugins/learnpress/assets/fonts/awesome/fontawesome-webfont3e6e.eot]
[localhost/deptsite/wordpress/wp-content/plugins/learnpress/assets/fonts/awesome/fontawesome-webfontd41d.eot]
[localhost/deptsite/wordpress/wp-content/plugins/learnpress/assets/fonts/awesome/fontawesome-webfont3e6e.woff2]
[localhost/deptsite/wordpress/wp-content/plugins/learnpress/assets/fonts/awesome/fontawesome-webfont3e6e.woff]
[localhost/deptsite/wordpress/wp-content/plugins/learnpress/assets/fonts/awesome/fontawesome-webfont3e6e.ttf]
[localhost/deptsite/wordpress/wp-content/plugins/learnpress/assets/css/font-awesome.mine131.css]
[localhost/deptsite/wordpress/wp-content/plugins/learnpress/assets/css/learnpresse131.css]
[localhost/deptsite/wordpress/wp-content/plugins/learnpress/assets/js/vendor/jquery-scrollbar/jquery.scrollbare131.css]
[localhost/deptsite/wordpress/wp-content/plugins/learnpress/assets/js/vendor/watch895b.js]
[localhost/deptsite/wordpress/wp-content/plugins/learnpress/assets/js/vendor/jquery.alert895b.js]
[localhost/deptsite/wordpress/wp-content/plugins/learnpress/assets/js/vendor/circle-bar895b.js]
[localhost/deptsite/wordpress/wp-content/plugins/learnpress/assets/js/global895b.js]
[localhost/deptsite/wordpress/wp-content/plugins/learnpress/assets/js/vendor/jquery-scrollbar/jquery.scrollbar895b.js]
[localhost/deptsite/wordpress/wp-content/plugins/learnpress/assets/js/frontend/learnpress895b.js]
[localhost/deptsite/wordpress/wp-content/plugins/learnpress/assets/js/frontend/course895b.js]
[localhost/deptsite/wordpress/wp-content/plugins/learnpress/assets/js/vendor/jquery.scrollTo895b.js]
[localhost/deptsite/wordpress/wp-content/plugins/learnpress/assets/js/frontend/become-teacher895b.js]
[localhost/deptsite/wordpress/index158b.json]
[localhost/deptsite/wordpress/indexf4f6.php]
[localhost/deptsite/wordpress/index7108.html]
[localhost/deptsite/wordpress/wp-content/uploads/2019/07/cropped-07-2.jpg]
[localhost/deptsite/wordpress/wp-content/plugins/learnpress/assets/js/vendor/watchb589.js]
[localhost/deptsite/wordpress/wp-content/plugins/learnpress/assets/js/vendor/jquery.alertb589.js]
[localhost/deptsite/wordpress/wp-content/plugins/learnpress/assets/js/vendor/circle-barb589.js]
[localhost/deptsite/wordpress/wp-content/plugins/learnpress/assets/js/globalb589.js]
[localhost/deptsite/wordpress/wp-content/plugins/learnpress/assets/js/vendor/jquery-scrollbar/jquery.scrollbarb589.js]
[localhost/deptsite/wordpress/wp-content/plugins/learnpress/assets/js/frontend/learnpressb589.js]
[localhost/deptsite/wordpress/wp-content/plugins/learnpress/assets/js/frontend/courseb589.js]
[localhost/deptsite/wordpress/wp-content/plugins/learnpress/assets/js/vendor/jquery.scrollTob589.js]
[localhost/deptsite/wordpress/wp-content/plugins/learnpress/assets/js/frontend/become-teacherb589.js]
[localhost/deptsite/wordpress/indexe2bd.json]
[localhost/deptsite/wordpress/index1c9e.php]
[localhost/deptsite/wordpress/indexdd11.html]
[localhost/deptsite/wordpress/wp-content/plugins/learnpress/assets/js/vendor/watch9fbf.js]
[localhost/deptsite/wordpress/wp-content/plugins/learnpress/assets/js/vendor/jquery.alert9fbf.js]
[localhost/deptsite/wordpress/wp-content/plugins/learnpress/assets/js/vendor/circle-bar9fbf.js]
[localhost/deptsite/wordpress/wp-content/plugins/learnpress/assets/js/global9fbf.js]
[localhost/deptsite/wordpress/wp-content/plugins/learnpress/assets/js/vendor/jquery-scrollbar/jquery.scrollbar9fbf.js]
[localhost/deptsite/wordpress/wp-content/plugins/learnpress/assets/js/frontend/learnpress9fbf.js]
[localhost/deptsite/wordpress/wp-content/plugins/learnpress/assets/js/frontend/course9fbf.js]
[localhost/deptsite/wordpress/wp-content/plugins/learnpress/assets/js/vendor/jquery.scrollTo9fbf.js]
[localhost/deptsite/wordpress/wp-content/plugins/learnpress/assets/js/frontend/become-teacher9fbf.js]
[localhost/deptsite/wordpress/indexfa87.json]
[localhost/deptsite/wordpress/indexc735.php]
[localhost/deptsite/wordpress/index7425.html]
[localhost/deptsite/wordpress/wp-content/plugins/learnpress/assets/js/vendor/watch3c38.js]
[localhost/deptsite/wordpress/wp-content/plugins/learnpress/assets/js/vendor/jquery.alert3c38.js]
[localhost/deptsite/wordpress/wp-content/plugins/learnpress/assets/js/vendor/circle-bar3c38.js]
[localhost/deptsite/wordpress/wp-content/plugins/learnpress/assets/js/global3c38.js]
[localhost/deptsite/wordpress/wp-content/plugins/learnpress/assets/js/vendor/jquery-scrollbar/jquery.scrollbar3c38.js]
[localhost/deptsite/wordpress/wp-content/plugins/learnpress/assets/js/frontend/learnpress3c38.js]
[localhost/deptsite/wordpress/wp-content/plugins/learnpress/assets/js/frontend/course3c38.js]
[localhost/deptsite/wordpress/wp-content/plugins/learnpress/assets/js/vendor/jquery.scrollTo3c38.js]
[localhost/deptsite/wordpress/wp-content/plugins/learnpress/assets/js/frontend/become-teacher3c38.js]
[localhost/deptsite/wordpress/index278e.json]
[localhost/deptsite/wordpress/indexf931.php]
[localhost/deptsite/wordpress/index85a3.html]
[localhost/deptsite/wordpress/wp-content/plugins/learnpress/assets/js/vendor/watch9e1b.js]
[localhost/deptsite/wordpress/wp-content/plugins/learnpress/assets/js/vendor/jquery.alert9e1b.js]
[localhost/deptsite/wordpress/wp-content/plugins/learnpress/assets/js/vendor/circle-bar9e1b.js]
[localhost/deptsite/wordpress/wp-content/plugins/learnpress/assets/js/global9e1b.js]
[localhost/deptsite/wordpress/wp-content/plugins/learnpress/assets/js/vendor/jquery-scrollbar/jquery.scrollbar9e1b.js]
[localhost/deptsite/wordpress/wp-content/plugins/learnpress/assets/js/frontend/learnpress9e1b.js]
[localhost/deptsite/wordpress/wp-content/plugins/learnpress/assets/js/frontend/course9e1b.js]
[localhost/deptsite/wordpress/wp-content/plugins/learnpress/assets/js/vendor/jquery.scrollTo9e1b.js]
[localhost/deptsite/wordpress/wp-content/plugins/learnpress/assets/js/frontend/become-teacher9e1b.js]
[localhost/deptsite/wordpress/index85ab.json]
[localhost/deptsite/wordpress/indexbd7f.php]
[localhost/deptsite/wordpress/index67d1.html]
[localhost/deptsite/wordpress/wp-content/plugins/learnpress/assets/js/vendor/watch51af.js]
[localhost/deptsite/wordpress/wp-content/plugins/learnpress/assets/js/vendor/jquery.alert51af.js]
[localhost/deptsite/wordpress/wp-content/plugins/learnpress/assets/js/vendor/circle-bar51af.js]
[localhost/deptsite/wordpress/wp-content/plugins/learnpress/assets/js/global51af.js]
[localhost/deptsite/wordpress/wp-content/plugins/learnpress/assets/js/vendor/jquery-scrollbar/jquery.scrollbar51af.js]
[localhost/deptsite/wordpress/wp-content/plugins/learnpress/assets/js/frontend/learnpress51af.js]
[localhost/deptsite/wordpress/wp-content/plugins/learnpress/assets/js/frontend/course51af.js]
[localhost/deptsite/wordpress/wp-content/plugins/learnpress/assets/js/vendor/jquery.scrollTo51af.js]
[localhost/deptsite/wordpress/wp-content/plugins/learnpress/assets/js/frontend/become-teacher51af.js]
[localhost/deptsite/wordpress/index82c7.json]
[localhost/deptsite/wordpress/index6574.php]
[localhost/deptsite/wordpress/index766b.html]
[localhost/deptsite/wordpress/wp-content/plugins/learnpress/assets/js/vendor/watch6028.js]
[localhost/deptsite/wordpress/wp-content/plugins/learnpress/assets/js/vendor/jquery.alert6028.js]
[localhost/deptsite/wordpress/wp-content/plugins/learnpress/assets/js/vendor/circle-bar6028.js]
[localhost/deptsite/wordpress/wp-content/plugins/learnpress/assets/js/global6028.js]
[localhost/deptsite/wordpress/wp-content/plugins/learnpress/assets/js/vendor/jquery-scrollbar/jquery.scrollbar6028.js]
[localhost/deptsite/wordpress/wp-content/plugins/learnpress/assets/js/frontend/learnpress6028.js]
[localhost/deptsite/wordpress/wp-content/plugins/learnpress/assets/js/frontend/course6028.js]
[localhost/deptsite/wordpress/wp-content/plugins/learnpress/assets/js/vendor/jquery.scrollTo6028.js]
[localhost/deptsite/wordpress/wp-content/plugins/learnpress/assets/js/frontend/become-teacher6028.js]
[localhost/deptsite/wordpress/indexc726.json]
[localhost/deptsite/wordpress/indexb65f.php]
[localhost/deptsite/wordpress/index27a6.html]
[localhost/deptsite/wordpress/wp-content/plugins/learnpress/assets/js/vendor/watchbb1d.js]
[localhost/deptsite/wordpress/wp-content/plugins/learnpress/assets/js/vendor/jquery.alertbb1d.js]
[localhost/deptsite/wordpress/wp-content/plugins/learnpress/assets/js/vendor/circle-barbb1d.js]
[localhost/deptsite/wordpress/wp-content/plugins/learnpress/assets/js/globalbb1d.js]
[localhost/deptsite/wordpress/wp-content/plugins/learnpress/assets/js/vendor/jquery-scrollbar/jquery.scrollbarbb1d.js]
[localhost/deptsite/wordpress/wp-content/plugins/learnpress/assets/js/frontend/learnpressbb1d.js]
[localhost/deptsite/wordpress/wp-content/plugins/learnpress/assets/js/frontend/coursebb1d.js]
[localhost/deptsite/wordpress/wp-content/plugins/learnpress/assets/js/vendor/jquery.scrollTobb1d.js]
[localhost/deptsite/wordpress/wp-content/plugins/learnpress/assets/js/frontend/become-teacherbb1d.js]
[localhost/deptsite/wordpress/index0082.json]
[localhost/deptsite/wordpress/index67d9.php]
[localhost/deptsite/wordpress/index060c.html]
[localhost/deptsite/wordpress/wp-content/plugins/learnpress/assets/js/vendor/watcha746.js]
[localhost/deptsite/wordpress/wp-content/plugins/learnpress/assets/js/vendor/jquery.alerta746.js]
[localhost/deptsite/wordpress/wp-content/plugins/learnpress/assets/js/vendor/circle-bara746.js]
[localhost/deptsite/wordpress/wp-content/plugins/learnpress/assets/js/globala746.js]
[localhost/deptsite/wordpress/wp-content/plugins/learnpress/assets/js/vendor/jquery-scrollbar/jquery.scrollbara746.js]
[localhost/deptsite/wordpress/wp-content/plugins/learnpress/assets/js/frontend/learnpressa746.js]
[localhost/deptsite/wordpress/wp-content/plugins/learnpress/assets/js/frontend/coursea746.js]
[localhost/deptsite/wordpress/wp-content/plugins/learnpress/assets/js/vendor/jquery.scrollToa746.js]
[localhost/deptsite/wordpress/wp-content/plugins/learnpress/assets/js/frontend/become-teachera746.js]
[localhost/deptsite/wordpress/index03ee.json]
[localhost/deptsite/wordpress/index534c.php]
[localhost/deptsite/wordpress/indexd5cd.html]
[localhost/deptsite/wordpress/wp-content/plugins/learnpress/assets/js/vendor/watch64be.js]
[localhost/deptsite/wordpress/wp-content/plugins/learnpress/assets/js/vendor/jquery.alert64be.js]
[localhost/deptsite/wordpress/wp-content/plugins/learnpress/assets/js/vendor/circle-bar64be.js]
[localhost/deptsite/wordpress/wp-content/plugins/learnpress/assets/js/global64be.js]
[localhost/deptsite/wordpress/wp-content/plugins/learnpress/assets/js/vendor/jquery-scrollbar/jquery.scrollbar64be.js]
[localhost/deptsite/wordpress/wp-content/plugins/learnpress/assets/js/frontend/learnpress64be.js]
[localhost/deptsite/wordpress/wp-content/plugins/learnpress/assets/js/frontend/course64be.js]
[localhost/deptsite/wordpress/wp-content/plugins/learnpress/assets/js/vendor/jquery.scrollTo64be.js]
[localhost/deptsite/wordpress/wp-content/plugins/learnpress/assets/js/frontend/become-teacher64be.js]
[localhost/deptsite/wordpress/indexaf7a.php]
[localhost/deptsite/wordpress/indexad19.php]
[localhost/deptsite/wordpress/index0e81.html]
[localhost/deptsite/wordpress/wp-content/plugins/learnpress/assets/js/vendor/watcha326.js]
[localhost/deptsite/wordpress/wp-content/plugins/learnpress/assets/js/vendor/jquery.alerta326.js]
[localhost/deptsite/wordpress/wp-content/plugins/learnpress/assets/js/vendor/circle-bara326.js]
[localhost/deptsite/wordpress/wp-content/plugins/learnpress/assets/js/globala326.js]
[localhost/deptsite/wordpress/wp-content/plugins/learnpress/assets/js/vendor/jquery-scrollbar/jquery.scrollbara326.js]
[localhost/deptsite/wordpress/wp-content/plugins/learnpress/assets/js/frontend/learnpressa326.js]
[localhost/deptsite/wordpress/wp-content/plugins/learnpress/assets/js/frontend/coursea326.js]
[localhost/deptsite/wordpress/wp-content/plugins/learnpress/assets/js/vendor/jquery.scrollToa326.js]
[localhost/deptsite/wordpress/wp-content/plugins/learnpress/assets/js/frontend/become-teachera326.js]
[localhost/deptsite/wordpress/index740c.json]
[localhost/deptsite/wordpress/index330d.php]
[localhost/deptsite/wordpress/index6986.html]
[localhost/deptsite/wordpress/wp-content/plugins/learnpress/assets/js/vendor/watch803c.js]
[localhost/deptsite/wordpress/wp-content/plugins/learnpress/assets/js/vendor/jquery.alert803c.js]
[localhost/deptsite/wordpress/wp-content/plugins/learnpress/assets/js/vendor/circle-bar803c.js]
[localhost/deptsite/wordpress/wp-content/plugins/learnpress/assets/js/global803c.js]
[localhost/deptsite/wordpress/wp-content/plugins/learnpress/assets/js/vendor/jquery-scrollbar/jquery.scrollbar803c.js]
[localhost/deptsite/wordpress/wp-content/plugins/learnpress/assets/js/frontend/learnpress803c.js]
[localhost/deptsite/wordpress/wp-content/plugins/learnpress/assets/js/frontend/course803c.js]
[localhost/deptsite/wordpress/wp-content/plugins/learnpress/assets/js/vendor/jquery.scrollTo803c.js]
[localhost/deptsite/wordpress/wp-content/plugins/learnpress/assets/js/frontend/become-teacher803c.js]
[localhost/deptsite/wordpress/index6766.json]
[localhost/deptsite/wordpress/index553d.php]
[localhost/deptsite/wordpress/index6793.html]
[localhost/deptsite/wordpress/wp-content/plugins/learnpress/assets/js/vendor/watch86a7.js]
[localhost/deptsite/wordpress/wp-content/plugins/learnpress/assets/js/vendor/jquery.alert86a7.js]
[localhost/deptsite/wordpress/wp-content/plugins/learnpress/assets/js/vendor/circle-bar86a7.js]
[localhost/deptsite/wordpress/wp-content/plugins/learnpress/assets/js/global86a7.js]
[localhost/deptsite/wordpress/wp-content/plugins/learnpress/assets/js/vendor/jquery-scrollbar/jquery.scrollbar86a7.js]
[localhost/deptsite/wordpress/wp-content/plugins/learnpress/assets/js/frontend/learnpress86a7.js]
[localhost/deptsite/wordpress/wp-content/plugins/learnpress/assets/js/frontend/course86a7.js]
[localhost/deptsite/wordpress/wp-content/plugins/learnpress/assets/js/vendor/jquery.scrollTo86a7.js]
[localhost/deptsite/wordpress/wp-content/plugins/learnpress/assets/js/frontend/become-teacher86a7.js]
[localhost/deptsite/wordpress/index67ca.json]
[localhost/deptsite/wordpress/indexd801.php]
[localhost/deptsite/wordpress/indexf360.html]
[localhost/deptsite/wordpress/wp-content/plugins/learnpress/assets/js/vendor/watch7b1c.js]
[localhost/deptsite/wordpress/wp-content/plugins/learnpress/assets/js/vendor/jquery.alert7b1c.js]
[localhost/deptsite/wordpress/wp-content/plugins/learnpress/assets/js/vendor/circle-bar7b1c.js]
[localhost/deptsite/wordpress/wp-content/plugins/learnpress/assets/js/global7b1c.js]
[localhost/deptsite/wordpress/wp-content/plugins/learnpress/assets/js/vendor/jquery-scrollbar/jquery.scrollbar7b1c.js]
[localhost/deptsite/wordpress/wp-content/plugins/learnpress/assets/js/frontend/learnpress7b1c.js]
[localhost/deptsite/wordpress/wp-content/plugins/learnpress/assets/js/frontend/course7b1c.js]
[localhost/deptsite/wordpress/wp-content/plugins/learnpress/assets/js/vendor/jquery.scrollTo7b1c.js]
[localhost/deptsite/wordpress/wp-content/plugins/learnpress/assets/js/frontend/become-teacher7b1c.js]
[localhost/deptsite/wordpress/indexc371.json]
[localhost/deptsite/wordpress/indexece5.php]
[localhost/deptsite/wordpress/indexf1ea.html]
[localhost/deptsite/wordpress/wp-content/plugins/learnpress/assets/js/vendor/watchf988.js]
[localhost/deptsite/wordpress/wp-content/plugins/learnpress/assets/js/vendor/jquery.alertf988.js]
[localhost/deptsite/wordpress/wp-content/plugins/learnpress/assets/js/vendor/circle-barf988.js]
[localhost/deptsite/wordpress/wp-content/plugins/learnpress/assets/js/globalf988.js]
[localhost/deptsite/wordpress/wp-content/plugins/learnpress/assets/js/vendor/jquery-scrollbar/jquery.scrollbarf988.js]
[localhost/deptsite/wordpress/wp-content/plugins/learnpress/assets/js/frontend/learnpressf988.js]
[localhost/deptsite/wordpress/wp-content/plugins/learnpress/assets/js/frontend/coursef988.js]
[localhost/deptsite/wordpress/wp-content/plugins/learnpress/assets/js/vendor/jquery.scrollTof988.js]
[localhost/deptsite/wordpress/wp-content/plugins/learnpress/assets/js/frontend/become-teacherf988.js]
[localhost/deptsite/wordpress/index81bf.json]
[localhost/deptsite/wordpress/indexbbee.php]
[localhost/deptsite/wordpress/indexb300.html]
[localhost/deptsite/wordpress/wp-content/plugins/learnpress/assets/js/vendor/watch6abe.js]
[localhost/deptsite/wordpress/wp-content/plugins/learnpress/assets/js/vendor/jquery.alert6abe.js]
[localhost/deptsite/wordpress/wp-content/plugins/learnpress/assets/js/vendor/circle-bar6abe.js]
[localhost/deptsite/wordpress/wp-content/plugins/learnpress/assets/js/global6abe.js]
[localhost/deptsite/wordpress/wp-content/plugins/learnpress/assets/js/vendor/jquery-scrollbar/jquery.scrollbar6abe.js]
[localhost/deptsite/wordpress/wp-content/plugins/learnpress/assets/js/frontend/learnpress6abe.js]
[localhost/deptsite/wordpress/wp-content/plugins/learnpress/assets/js/frontend/course6abe.js]
[localhost/deptsite/wordpress/wp-content/plugins/learnpress/assets/js/vendor/jquery.scrollTo6abe.js]
[localhost/deptsite/wordpress/wp-content/plugins/learnpress/assets/js/frontend/become-teacher6abe.js]
[localhost/deptsite/wordpress/indexc5d1.json]
[localhost/deptsite/wordpress/index465f.php]
[localhost/deptsite/wordpress/index0907.html]
[localhost/deptsite/wordpress/wp-content/plugins/learnpress/assets/js/vendor/watcha56a.js]
[localhost/deptsite/wordpress/wp-content/plugins/learnpress/assets/js/vendor/jquery.alerta56a.js]
[localhost/deptsite/wordpress/wp-content/plugins/learnpress/assets/js/vendor/circle-bara56a.js]
[localhost/deptsite/wordpress/wp-content/plugins/learnpress/assets/js/globala56a.js]
[localhost/deptsite/wordpress/wp-content/plugins/learnpress/assets/js/vendor/jquery-scrollbar/jquery.scrollbara56a.js]
[localhost/deptsite/wordpress/wp-content/plugins/learnpress/assets/js/frontend/learnpressa56a.js]
[localhost/deptsite/wordpress/wp-content/plugins/learnpress/assets/js/frontend/coursea56a.js]
[localhost/deptsite/wordpress/wp-content/plugins/learnpress/assets/js/vendor/jquery.scrollToa56a.js]
[localhost/deptsite/wordpress/wp-content/plugins/learnpress/assets/js/frontend/become-teachera56a.js]
[localhost/deptsite/wordpress/index1e6c.json]
[localhost/deptsite/wordpress/indexa11f.php]
[localhost/deptsite/wordpress/indexef6d.html]
[localhost/deptsite/wordpress/wp-content/plugins/learnpress/assets/js/vendor/watch970f.js]
[localhost/deptsite/wordpress/wp-content/plugins/learnpress/assets/js/vendor/jquery.alert970f.js]
[localhost/deptsite/wordpress/wp-content/plugins/learnpress/assets/js/vendor/circle-bar970f.js]
[localhost/deptsite/wordpress/wp-content/plugins/learnpress/assets/js/global970f.js]
[localhost/deptsite/wordpress/wp-content/plugins/learnpress/assets/js/vendor/jquery-scrollbar/jquery.scrollbar970f.js]
[localhost/deptsite/wordpress/wp-content/plugins/learnpress/assets/js/frontend/learnpress970f.js]
[localhost/deptsite/wordpress/wp-content/plugins/learnpress/assets/js/frontend/course970f.js]
[localhost/deptsite/wordpress/wp-content/plugins/learnpress/assets/js/vendor/jquery.scrollTo970f.js]
[localhost/deptsite/wordpress/wp-content/plugins/learnpress/assets/js/frontend/become-teacher970f.js]
[localhost/deptsite/wordpress/index4b53.json]
[localhost/deptsite/wordpress/indexbb03.php]
[localhost/deptsite/wordpress/index3829.html]
[localhost/deptsite/wordpress/wp-content/plugins/learnpress/assets/js/vendor/watchba39.js]
[localhost/deptsite/wordpress/wp-content/plugins/learnpress/assets/js/vendor/jquery.alertba39.js]
[localhost/deptsite/wordpress/wp-content/plugins/learnpress/assets/js/vendor/circle-barba39.js]
[localhost/deptsite/wordpress/wp-content/plugins/learnpress/assets/js/globalba39.js]
[localhost/deptsite/wordpress/wp-content/plugins/learnpress/assets/js/vendor/jquery-scrollbar/jquery.scrollbarba39.js]
[localhost/deptsite/wordpress/wp-content/plugins/learnpress/assets/js/frontend/learnpressba39.js]
[localhost/deptsite/wordpress/wp-content/plugins/learnpress/assets/js/frontend/courseba39.js]
[localhost/deptsite/wordpress/wp-content/plugins/learnpress/assets/js/vendor/jquery.scrollToba39.js]
[localhost/deptsite/wordpress/wp-content/plugins/learnpress/assets/js/frontend/become-teacherba39.js]
[localhost/deptsite/wordpress/index4431.json]
[localhost/deptsite/wordpress/indexdd5d.php]
[localhost/deptsite/wordpress/index988b.html]
[localhost/deptsite/wordpress/wp-content/plugins/learnpress/assets/js/vendor/watch8ed2.js]
[localhost/deptsite/wordpress/wp-content/plugins/learnpress/assets/js/vendor/jquery.alert8ed2.js]
[localhost/deptsite/wordpress/wp-content/plugins/learnpress/assets/js/vendor/circle-bar8ed2.js]
[localhost/deptsite/wordpress/wp-content/plugins/learnpress/assets/js/global8ed2.js]
[localhost/deptsite/wordpress/wp-content/plugins/learnpress/assets/js/vendor/jquery-scrollbar/jquery.scrollbar8ed2.js]
[localhost/deptsite/wordpress/wp-content/plugins/learnpress/assets/js/frontend/learnpress8ed2.js]
[localhost/deptsite/wordpress/wp-content/plugins/learnpress/assets/js/frontend/course8ed2.js]
[localhost/deptsite/wordpress/wp-content/plugins/learnpress/assets/js/vendor/jquery.scrollTo8ed2.js]
[localhost/deptsite/wordpress/wp-content/plugins/learnpress/assets/js/frontend/become-teacher8ed2.js]
[localhost/deptsite/wordpress/index6fd5.json]
[localhost/deptsite/wordpress/index7f4c.php]
[localhost/deptsite/wordpress/index48d5.html]
[localhost/deptsite/wordpress/wp-content/plugins/learnpress/assets/js/vendor/watch34e0.js]
[localhost/deptsite/wordpress/wp-content/plugins/learnpress/assets/js/vendor/jquery.alert34e0.js]
[localhost/deptsite/wordpress/wp-content/plugins/learnpress/assets/js/vendor/circle-bar34e0.js]
[localhost/deptsite/wordpress/wp-content/plugins/learnpress/assets/js/global34e0.js]
[localhost/deptsite/wordpress/wp-content/plugins/learnpress/assets/js/vendor/jquery-scrollbar/jquery.scrollbar34e0.js]
[localhost/deptsite/wordpress/wp-content/plugins/learnpress/assets/js/frontend/learnpress34e0.js]
[localhost/deptsite/wordpress/wp-content/plugins/learnpress/assets/js/frontend/course34e0.js]
[localhost/deptsite/wordpress/wp-content/plugins/learnpress/assets/js/vendor/jquery.scrollTo34e0.js]
[localhost/deptsite/wordpress/wp-content/plugins/learnpress/assets/js/frontend/become-teacher34e0.js]
[localhost/deptsite/wordpress/indexde16.json]
[localhost/deptsite/wordpress/index1754.php]
[localhost/deptsite/wordpress/index55e8.html]
[localhost/deptsite/wordpress/wp-content/plugins/learnpress/assets/js/vendor/watchc660.js]
[localhost/deptsite/wordpress/wp-content/plugins/learnpress/assets/js/vendor/jquery.alertc660.js]
[localhost/deptsite/wordpress/wp-content/plugins/learnpress/assets/js/vendor/circle-barc660.js]
[localhost/deptsite/wordpress/wp-content/plugins/learnpress/assets/js/globalc660.js]
[localhost/deptsite/wordpress/wp-content/plugins/learnpress/assets/js/vendor/jquery-scrollbar/jquery.scrollbarc660.js]
[localhost/deptsite/wordpress/wp-content/plugins/learnpress/assets/js/frontend/learnpressc660.js]
[localhost/deptsite/wordpress/wp-content/plugins/learnpress/assets/js/frontend/coursec660.js]
[localhost/deptsite/wordpress/wp-content/plugins/learnpress/assets/js/vendor/jquery.scrollToc660.js]
[localhost/deptsite/wordpress/wp-content/plugins/learnpress/assets/js/frontend/become-teacherc660.js]
[localhost/deptsite/wordpress/index5528.json]
[localhost/deptsite/wordpress/index4917.php]
[localhost/deptsite/wordpress/index9c7b.html]
[localhost/deptsite/wordpress/wp-content/plugins/learnpress/assets/js/vendor/watch3e89.js]
[localhost/deptsite/wordpress/wp-content/plugins/learnpress/assets/js/vendor/jquery.alert3e89.js]
[localhost/deptsite/wordpress/wp-content/plugins/learnpress/assets/js/vendor/circle-bar3e89.js]
[localhost/deptsite/wordpress/wp-content/plugins/learnpress/assets/js/global3e89.js]
[localhost/deptsite/wordpress/wp-content/plugins/learnpress/assets/js/vendor/jquery-scrollbar/jquery.scrollbar3e89.js]
[localhost/deptsite/wordpress/wp-content/plugins/learnpress/assets/js/frontend/learnpress3e89.js]
[localhost/deptsite/wordpress/wp-content/plugins/learnpress/assets/js/frontend/course3e89.js]
[localhost/deptsite/wordpress/wp-content/plugins/learnpress/assets/js/vendor/jquery.scrollTo3e89.js]
[localhost/deptsite/wordpress/wp-content/plugins/learnpress/assets/js/frontend/become-teacher3e89.js]
[localhost/deptsite/wordpress/indexb903.json]
[localhost/deptsite/wordpress/index7bcd.php]
[localhost/deptsite/wordpress/wp-content/uploads/2019/09/scopus.png]
[localhost/deptsite/wordpress/wp-content/uploads/2019/09/orcid.png]
[localhost/deptsite/wordpress/wp-content/uploads/2019/09/pub.png]
[localhost/deptsite/wordpress/index7ff0.html]
[localhost/deptsite/wordpress/wp-content/plugins/learnpress/assets/js/vendor/watcha646.js]
[localhost/deptsite/wordpress/wp-content/plugins/learnpress/assets/js/vendor/jquery.alerta646.js]
[localhost/deptsite/wordpress/wp-content/plugins/learnpress/assets/js/vendor/circle-bara646.js]
[localhost/deptsite/wordpress/wp-content/plugins/learnpress/assets/js/globala646.js]
[localhost/deptsite/wordpress/wp-content/plugins/learnpress/assets/js/vendor/jquery-scrollbar/jquery.scrollbara646.js]
[localhost/deptsite/wordpress/wp-content/plugins/learnpress/assets/js/frontend/learnpressa646.js]
[localhost/deptsite/wordpress/wp-content/plugins/learnpress/assets/js/frontend/coursea646.js]
[localhost/deptsite/wordpress/wp-content/plugins/learnpress/assets/js/vendor/jquery.scrollToa646.js]
[localhost/deptsite/wordpress/wp-content/plugins/learnpress/assets/js/frontend/become-teachera646.js]
[localhost/deptsite/wordpress/indexc14c.json]
[localhost/deptsite/wordpress/indexf5e7.php]
[localhost/deptsite/wordpress/index2770.html]
[localhost/deptsite/wordpress/wp-content/plugins/learnpress/assets/js/vendor/watche5c3.js]
[localhost/deptsite/wordpress/wp-content/plugins/learnpress/assets/js/vendor/jquery.alerte5c3.js]
[localhost/deptsite/wordpress/wp-content/plugins/learnpress/assets/js/vendor/circle-bare5c3.js]
[localhost/deptsite/wordpress/wp-content/plugins/learnpress/assets/js/globale5c3.js]
[localhost/deptsite/wordpress/wp-content/plugins/learnpress/assets/js/vendor/jquery-scrollbar/jquery.scrollbare5c3.js]
[localhost/deptsite/wordpress/wp-content/plugins/learnpress/assets/js/frontend/learnpresse5c3.js]
[localhost/deptsite/wordpress/wp-content/plugins/learnpress/assets/js/frontend/coursee5c3.js]
[localhost/deptsite/wordpress/wp-content/plugins/learnpress/assets/js/vendor/jquery.scrollToe5c3.js]
[localhost/deptsite/wordpress/wp-content/plugins/learnpress/assets/js/frontend/become-teachere5c3.js]
[localhost/deptsite/wordpress/index79c8.json]
[localhost/deptsite/wordpress/index924c.php]
[localhost/deptsite/wordpress/index4152.html]
[localhost/deptsite/wordpress/wp-content/plugins/learnpress/assets/js/vendor/watch1b0b.js]
[localhost/deptsite/wordpress/wp-content/plugins/learnpress/assets/js/vendor/jquery.alert1b0b.js]
[localhost/deptsite/wordpress/wp-content/plugins/learnpress/assets/js/vendor/circle-bar1b0b.js]
[localhost/deptsite/wordpress/wp-content/plugins/learnpress/assets/js/global1b0b.js]
[localhost/deptsite/wordpress/wp-content/plugins/learnpress/assets/js/vendor/jquery-scrollbar/jquery.scrollbar1b0b.js]
[localhost/deptsite/wordpress/wp-content/plugins/learnpress/assets/js/frontend/learnpress1b0b.js]
[localhost/deptsite/wordpress/wp-content/plugins/learnpress/assets/js/frontend/course1b0b.js]
[localhost/deptsite/wordpress/wp-content/plugins/learnpress/assets/js/vendor/jquery.scrollTo1b0b.js]
[localhost/deptsite/wordpress/wp-content/plugins/learnpress/assets/js/frontend/become-teacher1b0b.js]
[localhost/deptsite/wordpress/indexa97f.json]
[localhost/deptsite/wordpress/indexf801.php]
[localhost/deptsite/wordpress/index852a.html]
[localhost/deptsite/wordpress/wp-content/plugins/learnpress/assets/js/vendor/watch9498.js]
[localhost/deptsite/wordpress/wp-content/plugins/learnpress/assets/js/vendor/jquery.alert9498.js]
[localhost/deptsite/wordpress/wp-content/plugins/learnpress/assets/js/vendor/circle-bar9498.js]
[localhost/deptsite/wordpress/wp-content/plugins/learnpress/assets/js/global9498.js]
[localhost/deptsite/wordpress/wp-content/plugins/learnpress/assets/js/vendor/jquery-scrollbar/jquery.scrollbar9498.js]
[localhost/deptsite/wordpress/wp-content/plugins/learnpress/assets/js/frontend/learnpress9498.js]
[localhost/deptsite/wordpress/wp-content/plugins/learnpress/assets/js/frontend/course9498.js]
[localhost/deptsite/wordpress/wp-content/plugins/learnpress/assets/js/vendor/jquery.scrollTo9498.js]
[localhost/deptsite/wordpress/wp-content/plugins/learnpress/assets/js/frontend/become-teacher9498.js]
[localhost/deptsite/wordpress/index2cec.json]
[localhost/deptsite/wordpress/indexfd51.php]
[localhost/deptsite/wordpress/wp-content/uploads/2019/07/14-2-750x550.jpg]
[localhost/deptsite/wordpress/index3a7e.html]
[localhost/deptsite/wordpress/wp-content/themes/free-education/assets/fonts/fontawesome-webfont3e6e.svg]
[localhost/deptsite/wordpress/wp-content/themes/free-education/assets/css/owl.video.play.html]
[localhost/deptsite/wordpress/wp-content/themes/free-education/images/enroll-bg.html]
[localhost/deptsite/wordpress/wp-content/themes/free-education/images/library.html]
[localhost/deptsite/wordpress/wp-content/themes/free-education/images/cta-bg.html]
[localhost/deptsite/wordpress/wp-content/themes/free-education/images/error-bg.html]
[localhost/deptsite/wordpress/wp-content/plugins/learnpress/assets/fonts/awesome/fontawesome-webfont3e6e.svg]
[localhost/deptsite/wordpress/wp-content/plugins/learnpress/assets/css/font-awesome.min895b.css]
[localhost/deptsite/wordpress/wp-content/plugins/learnpress/assets/css/learnpress895b.css]
[localhost/deptsite/wordpress/wp-content/plugins/learnpress/assets/js/vendor/jquery-scrollbar/jquery.scrollbar895b.css]
[localhost/deptsite/wordpress/index264a.html]
[localhost/deptsite/wordpress/index76cc.html]
[localhost/deptsite/wordpress/wp-content/plugins/learnpress/assets/js/vendor/watch4314.js]
[localhost/deptsite/wordpress/wp-content/plugins/learnpress/assets/js/vendor/jquery.alert4314.js]
[localhost/deptsite/wordpress/wp-content/plugins/learnpress/assets/js/vendor/circle-bar4314.js]
[localhost/deptsite/wordpress/wp-content/plugins/learnpress/assets/js/global4314.js]
[localhost/deptsite/wordpress/wp-content/plugins/learnpress/assets/js/vendor/jquery-scrollbar/jquery.scrollbar4314.js]
[localhost/deptsite/wordpress/wp-content/plugins/learnpress/assets/js/frontend/learnpress4314.js]
[localhost/deptsite/wordpress/wp-content/plugins/learnpress/assets/js/frontend/course4314.js]
[localhost/deptsite/wordpress/wp-content/plugins/learnpress/assets/js/vendor/jquery.scrollTo4314.js]
[localhost/deptsite/wordpress/wp-content/plugins/learnpress/assets/js/frontend/become-teacher4314.js]
[localhost/deptsite/wordpress/index40a1.json]
[localhost/deptsite/wordpress/indexe86e.php]
[localhost/deptsite/wordpress/indexba53.html]
[localhost/deptsite/wordpress/wp-content/plugins/learnpress/assets/css/font-awesome.minb589.css]
[localhost/deptsite/wordpress/wp-content/plugins/learnpress/assets/css/learnpressb589.css]
[localhost/deptsite/wordpress/wp-content/plugins/learnpress/assets/js/vendor/jquery-scrollbar/jquery.scrollbarb589.css]
[localhost/deptsite/wordpress/indexe8d3.html]
[localhost/deptsite/wordpress/wp-content/plugins/learnpress/assets/css/font-awesome.min9fbf.css]
[localhost/deptsite/wordpress/wp-content/plugins/learnpress/assets/css/learnpress9fbf.css]
[localhost/deptsite/wordpress/wp-content/plugins/learnpress/assets/js/vendor/jquery-scrollbar/jquery.scrollbar9fbf.css]
[localhost/deptsite/wordpress/index0dc6.html]
[localhost/deptsite/wordpress/wp-content/plugins/learnpress/assets/css/font-awesome.min3c38.css]
[localhost/deptsite/wordpress/wp-content/plugins/learnpress/assets/css/learnpress3c38.css]
[localhost/deptsite/wordpress/wp-content/plugins/learnpress/assets/js/vendor/jquery-scrollbar/jquery.scrollbar3c38.css]
[localhost/deptsite/wordpress/index1f38.html]
[localhost/deptsite/wordpress/wp-content/plugins/learnpress/assets/css/font-awesome.min9e1b.css]
[localhost/deptsite/wordpress/wp-content/plugins/learnpress/assets/css/learnpress9e1b.css]
[localhost/deptsite/wordpress/wp-content/plugins/learnpress/assets/js/vendor/jquery-scrollbar/jquery.scrollbar9e1b.css]
[localhost/deptsite/wordpress/indexa7ab.html]
[localhost/deptsite/wordpress/wp-content/plugins/learnpress/assets/css/font-awesome.min51af.css]
[localhost/deptsite/wordpress/wp-content/plugins/learnpress/assets/css/learnpress51af.css]
[localhost/deptsite/wordpress/wp-content/plugins/learnpress/assets/js/vendor/jquery-scrollbar/jquery.scrollbar51af.css]
[localhost/deptsite/wordpress/index3f97.html]
[localhost/deptsite/wordpress/wp-content/plugins/learnpress/assets/js/vendor/watch078e.js]
[localhost/deptsite/wordpress/wp-content/plugins/learnpress/assets/js/vendor/jquery.alert078e.js]
[localhost/deptsite/wordpress/wp-content/plugins/learnpress/assets/js/vendor/circle-bar078e.js]
[localhost/deptsite/wordpress/wp-content/plugins/learnpress/assets/js/global078e.js]
[localhost/deptsite/wordpress/wp-content/plugins/learnpress/assets/js/vendor/jquery-scrollbar/jquery.scrollbar078e.js]
[localhost/deptsite/wordpress/wp-content/plugins/learnpress/assets/js/frontend/learnpress078e.js]
[localhost/deptsite/wordpress/wp-content/plugins/learnpress/assets/js/frontend/course078e.js]
[localhost/deptsite/wordpress/wp-content/plugins/learnpress/assets/js/vendor/jquery.scrollTo078e.js]
[localhost/deptsite/wordpress/wp-content/plugins/learnpress/assets/js/frontend/become-teacher078e.js]
[localhost/deptsite/wordpress/index456a.json]
[localhost/deptsite/wordpress/index4bcb.php]
[localhost/deptsite/wordpress/index92fd.html]
[localhost/deptsite/wordpress/wp-content/plugins/learnpress/assets/css/font-awesome.min6028.css]
[localhost/deptsite/wordpress/wp-content/plugins/learnpress/assets/css/learnpress6028.css]
[localhost/deptsite/wordpress/wp-content/plugins/learnpress/assets/js/vendor/jquery-scrollbar/jquery.scrollbar6028.css]
[localhost/deptsite/wordpress/indexf1ac.html]
[localhost/deptsite/wordpress/wp-content/plugins/learnpress/assets/css/font-awesome.minbb1d.css]
[localhost/deptsite/wordpress/wp-content/plugins/learnpress/assets/css/learnpressbb1d.css]
[localhost/deptsite/wordpress/wp-content/plugins/learnpress/assets/js/vendor/jquery-scrollbar/jquery.scrollbarbb1d.css]
[localhost/deptsite/wordpress/index2023.html]
[localhost/deptsite/wordpress/wp-content/plugins/learnpress/assets/css/font-awesome.mina746.css]
[localhost/deptsite/wordpress/wp-content/plugins/learnpress/assets/css/learnpressa746.css]
[localhost/deptsite/wordpress/wp-content/plugins/learnpress/assets/js/vendor/jquery-scrollbar/jquery.scrollbara746.css]
[localhost/deptsite/wordpress/index1caa.html]
[localhost/deptsite/wordpress/wp-content/plugins/learnpress/assets/css/font-awesome.min64be.css]
[localhost/deptsite/wordpress/wp-content/plugins/learnpress/assets/css/learnpress64be.css]
[localhost/deptsite/wordpress/wp-content/plugins/learnpress/assets/js/vendor/jquery-scrollbar/jquery.scrollbar64be.css]
[localhost/deptsite/wordpress/index2325.html]
[localhost/deptsite/wordpress/wp-content/plugins/learnpress/assets/css/font-awesome.mina326.css]
[localhost/deptsite/wordpress/wp-content/plugins/learnpress/assets/css/learnpressa326.css]
[localhost/deptsite/wordpress/wp-content/plugins/learnpress/assets/js/vendor/jquery-scrollbar/jquery.scrollbara326.css]
[localhost/deptsite/wordpress/index9c73.html]
[localhost/deptsite/wordpress/wp-content/plugins/learnpress/assets/js/vendor/watch8fcb.js]
[localhost/deptsite/wordpress/wp-content/plugins/learnpress/assets/js/vendor/jquery.alert8fcb.js]
[localhost/deptsite/wordpress/wp-content/plugins/learnpress/assets/js/vendor/circle-bar8fcb.js]
[localhost/deptsite/wordpress/wp-content/plugins/learnpress/assets/js/global8fcb.js]
[localhost/deptsite/wordpress/wp-content/plugins/learnpress/assets/js/vendor/jquery-scrollbar/jquery.scrollbar8fcb.js]
[localhost/deptsite/wordpress/wp-content/plugins/learnpress/assets/js/frontend/learnpress8fcb.js]
[localhost/deptsite/wordpress/wp-content/plugins/learnpress/assets/js/frontend/course8fcb.js]
[localhost/deptsite/wordpress/wp-content/plugins/learnpress/assets/js/vendor/jquery.scrollTo8fcb.js]
[localhost/deptsite/wordpress/wp-content/plugins/learnpress/assets/js/frontend/become-teacher8fcb.js]
[localhost/deptsite/wordpress/index1eb2.json]
[localhost/deptsite/wordpress/indexac84.php]
[localhost/deptsite/wordpress/index3aa2.html]
[localhost/deptsite/wordpress/wp-content/plugins/learnpress/assets/css/font-awesome.min803c.css]
[localhost/deptsite/wordpress/wp-content/plugins/learnpress/assets/css/learnpress803c.css]
[localhost/deptsite/wordpress/wp-content/plugins/learnpress/assets/js/vendor/jquery-scrollbar/jquery.scrollbar803c.css]
[localhost/deptsite/wordpress/indexa9ab.html]
[localhost/deptsite/wordpress/wp-content/plugins/learnpress/assets/css/font-awesome.min86a7.css]
[localhost/deptsite/wordpress/wp-content/plugins/learnpress/assets/css/learnpress86a7.css]
[localhost/deptsite/wordpress/wp-content/plugins/learnpress/assets/js/vendor/jquery-scrollbar/jquery.scrollbar86a7.css]
[localhost/deptsite/wordpress/index51fe.html]
[localhost/deptsite/wordpress/wp-content/plugins/learnpress/assets/js/vendor/watche0cf.js]
[localhost/deptsite/wordpress/wp-content/plugins/learnpress/assets/js/vendor/jquery.alerte0cf.js]
[localhost/deptsite/wordpress/wp-content/plugins/learnpress/assets/js/vendor/circle-bare0cf.js]
[localhost/deptsite/wordpress/wp-content/plugins/learnpress/assets/js/globale0cf.js]
[localhost/deptsite/wordpress/wp-content/plugins/learnpress/assets/js/vendor/jquery-scrollbar/jquery.scrollbare0cf.js]
[localhost/deptsite/wordpress/wp-content/plugins/learnpress/assets/js/frontend/learnpresse0cf.js]
[localhost/deptsite/wordpress/wp-content/plugins/learnpress/assets/js/frontend/coursee0cf.js]
[localhost/deptsite/wordpress/wp-content/plugins/learnpress/assets/js/vendor/jquery.scrollToe0cf.js]
[localhost/deptsite/wordpress/wp-content/plugins/learnpress/assets/js/frontend/become-teachere0cf.js]
[localhost/deptsite/wordpress/index0998.json]
[localhost/deptsite/wordpress/indexecd0.php]
[localhost/deptsite/wordpress/indexe28f.html]
[localhost/deptsite/wordpress/wp-content/plugins/learnpress/assets/css/font-awesome.min7b1c.css]
[localhost/deptsite/wordpress/wp-content/plugins/learnpress/assets/css/learnpress7b1c.css]
[localhost/deptsite/wordpress/wp-content/plugins/learnpress/assets/js/vendor/jquery-scrollbar/jquery.scrollbar7b1c.css]
[localhost/deptsite/wordpress/index0449.html]
[localhost/deptsite/wordpress/wp-content/plugins/learnpress/assets/css/font-awesome.minf988.css]
[localhost/deptsite/wordpress/wp-content/plugins/learnpress/assets/css/learnpressf988.css]
[localhost/deptsite/wordpress/wp-content/plugins/learnpress/assets/js/vendor/jquery-scrollbar/jquery.scrollbarf988.css]
[localhost/deptsite/wordpress/index2e25.html]
[localhost/deptsite/wordpress/wp-content/plugins/learnpress/assets/css/font-awesome.min6abe.css]
[localhost/deptsite/wordpress/wp-content/plugins/learnpress/assets/css/learnpress6abe.css]
[localhost/deptsite/wordpress/wp-content/plugins/learnpress/assets/js/vendor/jquery-scrollbar/jquery.scrollbar6abe.css]
[localhost/deptsite/wordpress/indexae62.html]
[localhost/deptsite/wordpress/wp-content/plugins/learnpress/assets/css/font-awesome.mina56a.css]
[localhost/deptsite/wordpress/wp-content/plugins/learnpress/assets/css/learnpressa56a.css]
[localhost/deptsite/wordpress/wp-content/plugins/learnpress/assets/js/vendor/jquery-scrollbar/jquery.scrollbara56a.css]
[localhost/deptsite/wordpress/index9d24.html]
[localhost/deptsite/wordpress/wp-content/plugins/learnpress/assets/css/font-awesome.min970f.css]
[localhost/deptsite/wordpress/wp-content/plugins/learnpress/assets/css/learnpress970f.css]
[localhost/deptsite/wordpress/wp-content/plugins/learnpress/assets/js/vendor/jquery-scrollbar/jquery.scrollbar970f.css]
[localhost/deptsite/wordpress/index2d8c.html]
[localhost/deptsite/wordpress/wp-content/plugins/learnpress/assets/css/font-awesome.minba39.css]
[localhost/deptsite/wordpress/wp-content/plugins/learnpress/assets/css/learnpressba39.css]
[localhost/deptsite/wordpress/wp-content/plugins/learnpress/assets/js/vendor/jquery-scrollbar/jquery.scrollbarba39.css]
[localhost/deptsite/wordpress/indexfef8.html]
[localhost/deptsite/wordpress/wp-content/plugins/learnpress/assets/css/font-awesome.min8ed2.css]
[localhost/deptsite/wordpress/wp-content/plugins/learnpress/assets/css/learnpress8ed2.css]
[localhost/deptsite/wordpress/wp-content/plugins/learnpress/assets/js/vendor/jquery-scrollbar/jquery.scrollbar8ed2.css]
[localhost/deptsite/wordpress/index2e64.html]
[localhost/deptsite/wordpress/wp-content/plugins/learnpress/assets/css/font-awesome.min34e0.css]
[localhost/deptsite/wordpress/wp-content/plugins/learnpress/assets/css/learnpress34e0.css]
[localhost/deptsite/wordpress/wp-content/plugins/learnpress/assets/js/vendor/jquery-scrollbar/jquery.scrollbar34e0.css]
[localhost/deptsite/wordpress/index23ea.html]
[localhost/deptsite/wordpress/wp-content/plugins/learnpress/assets/css/font-awesome.minc660.css]
[localhost/deptsite/wordpress/wp-content/plugins/learnpress/assets/css/learnpressc660.css]
[localhost/deptsite/wordpress/wp-content/plugins/learnpress/assets/js/vendor/jquery-scrollbar/jquery.scrollbarc660.css]
[localhost/deptsite/wordpress/indexd8bc.html]
[localhost/deptsite/wordpress/wp-content/plugins/learnpress/assets/css/font-awesome.min3e89.css]
[localhost/deptsite/wordpress/wp-content/plugins/learnpress/assets/css/learnpress3e89.css]
[localhost/deptsite/wordpress/wp-content/plugins/learnpress/assets/js/vendor/jquery-scrollbar/jquery.scrollbar3e89.css]
[localhost/deptsite/wordpress/index8eaf.html]
[localhost/deptsite/wordpress/wp-content/plugins/learnpress/assets/js/vendor/watche5e3.js]
[localhost/deptsite/wordpress/wp-content/plugins/learnpress/assets/js/vendor/jquery.alerte5e3.js]
[localhost/deptsite/wordpress/wp-content/plugins/learnpress/assets/js/vendor/circle-bare5e3.js]
[localhost/deptsite/wordpress/wp-content/plugins/learnpress/assets/js/globale5e3.js]
[localhost/deptsite/wordpress/wp-content/plugins/learnpress/assets/js/vendor/jquery-scrollbar/jquery.scrollbare5e3.js]
[localhost/deptsite/wordpress/wp-content/plugins/learnpress/assets/js/frontend/learnpresse5e3.js]
[localhost/deptsite/wordpress/wp-content/plugins/learnpress/assets/js/frontend/coursee5e3.js]
[localhost/deptsite/wordpress/wp-content/plugins/learnpress/assets/js/vendor/jquery.scrollToe5e3.js]
[localhost/deptsite/wordpress/wp-content/plugins/learnpress/assets/js/frontend/become-teachere5e3.js]
[localhost/deptsite/wordpress/indexffca.json]
[localhost/deptsite/wordpress/indexcccf.php]
[localhost/deptsite/wordpress/wp-content/uploads/2019/07/IMG-20190304-WA0007-800x550.jpg]
[localhost/deptsite/wordpress/index334e.html]
[localhost/deptsite/wordpress/wp-content/plugins/learnpress/assets/css/font-awesome.mina646.css]
[localhost/deptsite/wordpress/wp-content/plugins/learnpress/assets/css/learnpressa646.css]
[localhost/deptsite/wordpress/wp-content/plugins/learnpress/assets/js/vendor/jquery-scrollbar/jquery.scrollbara646.css]
[localhost/deptsite/wordpress/index40e6.html]
[localhost/deptsite/wordpress/wp-content/plugins/learnpress/assets/css/font-awesome.mine5c3.css]
[localhost/deptsite/wordpress/wp-content/plugins/learnpress/assets/css/learnpresse5c3.css]
[localhost/deptsite/wordpress/wp-content/plugins/learnpress/assets/js/vendor/jquery-scrollbar/jquery.scrollbare5c3.css]
[localhost/deptsite/wordpress/index43fc.html]
[localhost/deptsite/wordpress/wp-content/plugins/learnpress/assets/css/font-awesome.min1b0b.css]
[localhost/deptsite/wordpress/wp-content/plugins/learnpress/assets/css/learnpress1b0b.css]
[localhost/deptsite/wordpress/wp-content/plugins/learnpress/assets/js/vendor/jquery-scrollbar/jquery.scrollbar1b0b.css]
[localhost/deptsite/wordpress/index0ed6.html]
[localhost/deptsite/wordpress/wp-content/plugins/learnpress/assets/css/font-awesome.min9498.css]
[localhost/deptsite/wordpress/wp-content/plugins/learnpress/assets/css/learnpress9498.css]
[localhost/deptsite/wordpress/wp-content/plugins/learnpress/assets/js/vendor/jquery-scrollbar/jquery.scrollbar9498.css]
[localhost/deptsite/wordpress/index1422.html]
[localhost/deptsite/wordpress/index78a0.html]
[localhost/deptsite/wordpress/wp-content/plugins/learnpress/assets/js/vendor/watchbec2.js]
[localhost/deptsite/wordpress/wp-content/plugins/learnpress/assets/js/vendor/jquery.alertbec2.js]
[localhost/deptsite/wordpress/wp-content/plugins/learnpress/assets/js/vendor/circle-barbec2.js]
[localhost/deptsite/wordpress/wp-content/plugins/learnpress/assets/js/globalbec2.js]
[localhost/deptsite/wordpress/wp-content/plugins/learnpress/assets/js/vendor/jquery-scrollbar/jquery.scrollbarbec2.js]
[localhost/deptsite/wordpress/wp-content/plugins/learnpress/assets/js/frontend/learnpressbec2.js]
[localhost/deptsite/wordpress/wp-content/plugins/learnpress/assets/js/frontend/coursebec2.js]
[localhost/deptsite/wordpress/wp-content/plugins/learnpress/assets/js/vendor/jquery.scrollTobec2.js]
[localhost/deptsite/wordpress/wp-content/plugins/learnpress/assets/js/frontend/become-teacherbec2.js]
[localhost/deptsite/wordpress/wp-content/uploads/2018/07/3.jpg]
[localhost/deptsite/wordpress/wp-content/uploads/2018/07/2.jpg]
[localhost/deptsite/wordpress/wp-content/uploads/2018/07/blog3-800x550.jpg]
[localhost/deptsite/wordpress/indexcd64.html]
[localhost/deptsite/wordpress/wp-content/plugins/learnpress/assets/css/font-awesome.min4314.css]
[localhost/deptsite/wordpress/wp-content/plugins/learnpress/assets/css/learnpress4314.css]
[localhost/deptsite/wordpress/wp-content/plugins/learnpress/assets/js/vendor/jquery-scrollbar/jquery.scrollbar4314.css]
[localhost/deptsite/wordpress/index905b.html]
[localhost/deptsite/wordpress/xmlrpc.php]
[localhost/deptsite/wordpress/wp-admin/index.html]
[localhost/deptsite/wordpress/wp-content/plugins/learnpress/assets/js/vendor/watch8c07.js]
[localhost/deptsite/wordpress/wp-content/plugins/learnpress/assets/js/vendor/jquery.alert8c07.js]
[localhost/deptsite/wordpress/wp-content/plugins/learnpress/assets/js/vendor/circle-bar8c07.js]
[localhost/deptsite/wordpress/wp-content/plugins/learnpress/assets/js/global8c07.js]
[localhost/deptsite/wordpress/wp-content/plugins/learnpress/assets/js/vendor/jquery-scrollbar/jquery.scrollbar8c07.js]
[localhost/deptsite/wordpress/wp-content/plugins/learnpress/assets/js/frontend/learnpress8c07.js]
[localhost/deptsite/wordpress/wp-content/plugins/learnpress/assets/js/frontend/course8c07.js]
[localhost/deptsite/wordpress/wp-content/plugins/learnpress/assets/js/vendor/jquery.scrollTo8c07.js]
[localhost/deptsite/wordpress/wp-content/plugins/learnpress/assets/js/frontend/become-teacher8c07.js]
[localhost/deptsite/wordpress/indexcc05.json]
[localhost/deptsite/wordpress/indexa88c.php]
[localhost/deptsite/wordpress/index618c.html]
[localhost/deptsite/wordpress/wp-content/plugins/learnpress/assets/js/vendor/watch8061.js]
[localhost/deptsite/wordpress/wp-content/plugins/learnpress/assets/js/vendor/jquery.alert8061.js]
[localhost/deptsite/wordpress/wp-content/plugins/learnpress/assets/js/vendor/circle-bar8061.js]
[localhost/deptsite/wordpress/wp-content/plugins/learnpress/assets/js/global8061.js]
[localhost/deptsite/wordpress/wp-content/plugins/learnpress/assets/js/vendor/jquery-scrollbar/jquery.scrollbar8061.js]
[localhost/deptsite/wordpress/wp-content/plugins/learnpress/assets/js/frontend/learnpress8061.js]
[localhost/deptsite/wordpress/wp-content/plugins/learnpress/assets/js/frontend/course8061.js]
[localhost/deptsite/wordpress/wp-content/plugins/learnpress/assets/js/vendor/jquery.scrollTo8061.js]
[localhost/deptsite/wordpress/wp-content/plugins/learnpress/assets/js/frontend/become-teacher8061.js]
[localhost/deptsite/wordpress/index6c40.json]
[localhost/deptsite/wordpress/indexbff4.php]
[localhost/deptsite/wordpress/index5907.html]
[localhost/deptsite/wordpress/wp-content/plugins/learnpress/assets/css/font-awesome.min078e.css]
[localhost/deptsite/wordpress/wp-content/plugins/learnpress/assets/css/learnpress078e.css]
[localhost/deptsite/wordpress/wp-content/plugins/learnpress/assets/js/vendor/jquery-scrollbar/jquery.scrollbar078e.css]
[localhost/deptsite/wordpress/index802e.html]
[localhost/deptsite/wordpress/wp-content/plugins/learnpress/assets/css/font-awesome.min8fcb.css]
[localhost/deptsite/wordpress/wp-content/plugins/learnpress/assets/css/learnpress8fcb.css]
[localhost/deptsite/wordpress/wp-content/plugins/learnpress/assets/js/vendor/jquery-scrollbar/jquery.scrollbar8fcb.css]
[localhost/deptsite/wordpress/indexdd7c.html]
[localhost/deptsite/wordpress/wp-content/plugins/learnpress/assets/js/vendor/watch0d34.js]
[localhost/deptsite/wordpress/wp-content/plugins/learnpress/assets/js/vendor/jquery.alert0d34.js]
[localhost/deptsite/wordpress/wp-content/plugins/learnpress/assets/js/vendor/circle-bar0d34.js]
[localhost/deptsite/wordpress/wp-content/plugins/learnpress/assets/js/global0d34.js]
[localhost/deptsite/wordpress/wp-content/plugins/learnpress/assets/js/vendor/jquery-scrollbar/jquery.scrollbar0d34.js]
[localhost/deptsite/wordpress/wp-content/plugins/learnpress/assets/js/frontend/learnpress0d34.js]
[localhost/deptsite/wordpress/wp-content/plugins/learnpress/assets/js/frontend/course0d34.js]
[localhost/deptsite/wordpress/wp-content/plugins/learnpress/assets/js/vendor/jquery.scrollTo0d34.js]
[localhost/deptsite/wordpress/wp-content/plugins/learnpress/assets/js/frontend/become-teacher0d34.js]
[localhost/deptsite/wordpress/indexf183.json]
[localhost/deptsite/wordpress/indexcb1b.php]
[localhost/deptsite/wordpress/wp-content/uploads/2019/07/DSC_0198-800x550.jpg]
[localhost/deptsite/wordpress/index0e17.html]
[localhost/deptsite/wordpress/wp-content/plugins/learnpress/assets/css/font-awesome.mine0cf.css]
[localhost/deptsite/wordpress/wp-content/plugins/learnpress/assets/css/learnpresse0cf.css]
[localhost/deptsite/wordpress/wp-content/plugins/learnpress/assets/js/vendor/jquery-scrollbar/jquery.scrollbare0cf.css]
[localhost/deptsite/wordpress/indexffa6.html]
[localhost/deptsite/wordpress/wp-content/plugins/learnpress/assets/css/font-awesome.mine5e3.css]
[localhost/deptsite/wordpress/wp-content/plugins/learnpress/assets/css/learnpresse5e3.css]
[localhost/deptsite/wordpress/wp-content/plugins/learnpress/assets/js/vendor/jquery-scrollbar/jquery.scrollbare5e3.css]
[localhost/deptsite/wordpress/indexb1f0.html]
[localhost/deptsite/wordpress/wp-content/plugins/learnpress/assets/js/vendor/watch9f32.js]
[localhost/deptsite/wordpress/wp-content/plugins/learnpress/assets/js/vendor/jquery.alert9f32.js]
[localhost/deptsite/wordpress/wp-content/plugins/learnpress/assets/js/vendor/circle-bar9f32.js]
[localhost/deptsite/wordpress/wp-content/plugins/learnpress/assets/js/global9f32.js]
[localhost/deptsite/wordpress/wp-content/plugins/learnpress/assets/js/vendor/jquery-scrollbar/jquery.scrollbar9f32.js]
[localhost/deptsite/wordpress/wp-content/plugins/learnpress/assets/js/frontend/learnpress9f32.js]
[localhost/deptsite/wordpress/wp-content/plugins/learnpress/assets/js/frontend/course9f32.js]
[localhost/deptsite/wordpress/wp-content/plugins/learnpress/assets/js/vendor/jquery.scrollTo9f32.js]
[localhost/deptsite/wordpress/wp-content/plugins/learnpress/assets/js/frontend/become-teacher9f32.js]
[localhost/deptsite/wordpress/index7fd8.json]
[localhost/deptsite/wordpress/indexd0c6.php]
[localhost/deptsite/wordpress/wp-content/uploads/2019/07/IMG_0568-800x550.jpg]
[localhost/deptsite/wordpress/index6706.html]
[localhost/deptsite/wordpress/wp-content/plugins/learnpress/assets/css/font-awesome.minbec2.css]
[localhost/deptsite/wordpress/wp-content/plugins/learnpress/assets/css/learnpressbec2.css]
[localhost/deptsite/wordpress/wp-content/plugins/learnpress/assets/js/vendor/jquery-scrollbar/jquery.scrollbarbec2.css]
[localhost/deptsite/wordpress/indexe539.html]
[localhost/deptsite/wordpress/wp-content/plugins/learnpress/assets/js/vendor/watch0d24.js]
[localhost/deptsite/wordpress/wp-content/plugins/learnpress/assets/js/vendor/jquery.alert0d24.js]
[localhost/deptsite/wordpress/wp-content/plugins/learnpress/assets/js/vendor/circle-bar0d24.js]
[localhost/deptsite/wordpress/wp-content/plugins/learnpress/assets/js/global0d24.js]
[localhost/deptsite/wordpress/wp-content/plugins/learnpress/assets/js/vendor/jquery-scrollbar/jquery.scrollbar0d24.js]
[localhost/deptsite/wordpress/wp-content/plugins/learnpress/assets/js/frontend/learnpress0d24.js]
[localhost/deptsite/wordpress/wp-content/plugins/learnpress/assets/js/frontend/course0d24.js]
[localhost/deptsite/wordpress/wp-content/plugins/learnpress/assets/js/vendor/jquery.scrollTo0d24.js]
[localhost/deptsite/wordpress/wp-content/plugins/learnpress/assets/js/frontend/become-teacher0d24.js]
[localhost/deptsite/wordpress/index28ad.json]
[localhost/deptsite/wordpress/index32d6.php]
[localhost/deptsite/wordpress/wp-includes/js/comment-reply.min2513.js]
[localhost/deptsite/wordpress/indexcff1.html]
[localhost/deptsite/wordpress/index7e31.html]
[localhost/deptsite/wordpress/wp-content/plugins/learnpress/assets/js/vendor/watchad44.js]
[localhost/deptsite/wordpress/wp-content/plugins/learnpress/assets/js/vendor/jquery.alertad44.js]
[localhost/deptsite/wordpress/wp-content/plugins/learnpress/assets/js/vendor/circle-barad44.js]
[localhost/deptsite/wordpress/wp-content/plugins/learnpress/assets/js/globalad44.js]
[localhost/deptsite/wordpress/wp-content/plugins/learnpress/assets/js/vendor/jquery-scrollbar/jquery.scrollbarad44.js]
[localhost/deptsite/wordpress/wp-content/plugins/learnpress/assets/js/frontend/learnpressad44.js]
[localhost/deptsite/wordpress/wp-content/plugins/learnpress/assets/js/frontend/coursead44.js]
[localhost/deptsite/wordpress/wp-content/plugins/learnpress/assets/js/vendor/jquery.scrollToad44.js]
[localhost/deptsite/wordpress/wp-content/plugins/learnpress/assets/js/frontend/become-teacherad44.js]
[localhost/deptsite/wordpress/indexb31a.html]
[localhost/deptsite/wordpress/index0ffb.html]
[localhost/deptsite/wordpress/wp-content/plugins/learnpress/assets/js/vendor/watch88a6.js]
[localhost/deptsite/wordpress/wp-content/plugins/learnpress/assets/js/vendor/jquery.alert88a6.js]
[localhost/deptsite/wordpress/wp-content/plugins/learnpress/assets/js/vendor/circle-bar88a6.js]
[localhost/deptsite/wordpress/wp-content/plugins/learnpress/assets/js/global88a6.js]
[localhost/deptsite/wordpress/wp-content/plugins/learnpress/assets/js/vendor/jquery-scrollbar/jquery.scrollbar88a6.js]
[localhost/deptsite/wordpress/wp-content/plugins/learnpress/assets/js/frontend/learnpress88a6.js]
[localhost/deptsite/wordpress/wp-content/plugins/learnpress/assets/js/frontend/course88a6.js]
[localhost/deptsite/wordpress/wp-content/plugins/learnpress/assets/js/vendor/jquery.scrollTo88a6.js]
[localhost/deptsite/wordpress/wp-content/plugins/learnpress/assets/js/frontend/become-teacher88a6.js]
[localhost/deptsite/wordpress/indexbfaf.json]
[localhost/deptsite/wordpress/index016c.php]
[localhost/deptsite/wordpress/indexdd01.html]
[localhost/deptsite/wordpress/indexb63a.html]
[localhost/deptsite/wordpress/wp-content/plugins/learnpress/assets/js/vendor/watch13c0.js]
[localhost/deptsite/wordpress/wp-content/plugins/learnpress/assets/js/vendor/jquery.alert13c0.js]
[localhost/deptsite/wordpress/wp-content/plugins/learnpress/assets/js/vendor/circle-bar13c0.js]
[localhost/deptsite/wordpress/wp-content/plugins/learnpress/assets/js/global13c0.js]
[localhost/deptsite/wordpress/wp-content/plugins/learnpress/assets/js/vendor/jquery-scrollbar/jquery.scrollbar13c0.js]
[localhost/deptsite/wordpress/wp-content/plugins/learnpress/assets/js/frontend/learnpress13c0.js]
[localhost/deptsite/wordpress/wp-content/plugins/learnpress/assets/js/frontend/course13c0.js]
[localhost/deptsite/wordpress/wp-content/plugins/learnpress/assets/js/vendor/jquery.scrollTo13c0.js]
[localhost/deptsite/wordpress/wp-content/plugins/learnpress/assets/js/frontend/become-teacher13c0.js]
[localhost/deptsite/wordpress/index3f7b.html]
[localhost/deptsite/wordpress/index0c5e.html]
[localhost/deptsite/wordpress/wp-content/plugins/learnpress/assets/js/vendor/watch4a8d.js]
[localhost/deptsite/wordpress/wp-content/plugins/learnpress/assets/js/vendor/jquery.alert4a8d.js]
[localhost/deptsite/wordpress/wp-content/plugins/learnpress/assets/js/vendor/circle-bar4a8d.js]
[localhost/deptsite/wordpress/wp-content/plugins/learnpress/assets/js/global4a8d.js]
[localhost/deptsite/wordpress/wp-content/plugins/learnpress/assets/js/vendor/jquery-scrollbar/jquery.scrollbar4a8d.js]
[localhost/deptsite/wordpress/wp-content/plugins/learnpress/assets/js/frontend/learnpress4a8d.js]
[localhost/deptsite/wordpress/wp-content/plugins/learnpress/assets/js/frontend/course4a8d.js]
[localhost/deptsite/wordpress/wp-content/plugins/learnpress/assets/js/vendor/jquery.scrollTo4a8d.js]
[localhost/deptsite/wordpress/wp-content/plugins/learnpress/assets/js/frontend/become-teacher4a8d.js]
[localhost/deptsite/wordpress/index3c24.json]
[localhost/deptsite/wordpress/index42fd.php]
[localhost/deptsite/wordpress/index4720.html]
[localhost/deptsite/wordpress/index2553.html]
[localhost/deptsite/wordpress/wp-content/plugins/learnpress/assets/js/vendor/watch1a28.js]
[localhost/deptsite/wordpress/wp-content/plugins/learnpress/assets/js/vendor/jquery.alert1a28.js]
[localhost/deptsite/wordpress/wp-content/plugins/learnpress/assets/js/vendor/circle-bar1a28.js]
[localhost/deptsite/wordpress/wp-content/plugins/learnpress/assets/js/global1a28.js]
[localhost/deptsite/wordpress/wp-content/plugins/learnpress/assets/js/vendor/jquery-scrollbar/jquery.scrollbar1a28.js]
[localhost/deptsite/wordpress/wp-content/plugins/learnpress/assets/js/frontend/learnpress1a28.js]
[localhost/deptsite/wordpress/wp-content/plugins/learnpress/assets/js/frontend/course1a28.js]
[localhost/deptsite/wordpress/wp-content/plugins/learnpress/assets/js/vendor/jquery.scrollTo1a28.js]
[localhost/deptsite/wordpress/wp-content/plugins/learnpress/assets/js/frontend/become-teacher1a28.js]
[localhost/deptsite/wordpress/indexdc4e.json]
[localhost/deptsite/wordpress/index0b03.php]
[localhost/deptsite/wordpress/wp-content/uploads/2018/07/blog3-750x550.jpg]
[localhost/deptsite/wordpress/index52e8.html]
[localhost/deptsite/wordpress/wp-content/uploads/2019/07/cropped-1-1-270x270.png]
[localhost/deptsite/wordpress/wp-logincce3.html]
[localhost/deptsite/wordpress/wp-content/plugins/learnpress/assets/css/font-awesome.min8c07.css]
[localhost/deptsite/wordpress/wp-content/plugins/learnpress/assets/css/learnpress8c07.css]
[localhost/deptsite/wordpress/wp-content/plugins/learnpress/assets/js/vendor/jquery-scrollbar/jquery.scrollbar8c07.css]
[localhost/deptsite/wordpress/index0261.html]
[localhost/deptsite/wordpress/wp-content/plugins/learnpress/assets/css/font-awesome.min8061.css]
[localhost/deptsite/wordpress/wp-content/plugins/learnpress/assets/css/learnpress8061.css]
[localhost/deptsite/wordpress/wp-content/plugins/learnpress/assets/js/vendor/jquery-scrollbar/jquery.scrollbar8061.css]
[localhost/deptsite/wordpress/index3922.html]
[localhost/deptsite/wordpress/wp-content/plugins/learnpress/assets/css/font-awesome.min0d34.css]
[localhost/deptsite/wordpress/wp-content/plugins/learnpress/assets/css/learnpress0d34.css]
[localhost/deptsite/wordpress/wp-content/plugins/learnpress/assets/js/vendor/jquery-scrollbar/jquery.scrollbar0d34.css]
[localhost/deptsite/wordpress/indexbf05.html]
[localhost/deptsite/wordpress/wp-content/plugins/learnpress/assets/js/vendor/watchc064.js]
[localhost/deptsite/wordpress/wp-content/plugins/learnpress/assets/js/vendor/jquery.alertc064.js]
[localhost/deptsite/wordpress/wp-content/plugins/learnpress/assets/js/vendor/circle-barc064.js]
[localhost/deptsite/wordpress/wp-content/plugins/learnpress/assets/js/globalc064.js]
[localhost/deptsite/wordpress/wp-content/plugins/learnpress/assets/js/vendor/jquery-scrollbar/jquery.scrollbarc064.js]
[localhost/deptsite/wordpress/wp-content/plugins/learnpress/assets/js/frontend/learnpressc064.js]
[localhost/deptsite/wordpress/wp-content/plugins/learnpress/assets/js/frontend/coursec064.js]
[localhost/deptsite/wordpress/wp-content/plugins/learnpress/assets/js/vendor/jquery.scrollToc064.js]
[localhost/deptsite/wordpress/wp-content/plugins/learnpress/assets/js/frontend/become-teacherc064.js]
[localhost/deptsite/wordpress/index7057.json]
[localhost/deptsite/wordpress/indexd52a.php]
[localhost/deptsite/wordpress/wp-content/uploads/2019/07/IMG_0125-800x550.jpg]
[localhost/deptsite/wordpress/indexfcb9.html]
[localhost/deptsite/wordpress/wp-content/plugins/learnpress/assets/css/font-awesome.min9f32.css]
[localhost/deptsite/wordpress/wp-content/plugins/learnpress/assets/css/learnpress9f32.css]
[localhost/deptsite/wordpress/wp-content/plugins/learnpress/assets/js/vendor/jquery-scrollbar/jquery.scrollbar9f32.css]
[localhost/deptsite/wordpress/index2bcd.html]
[localhost/deptsite/wordpress/wp-content/plugins/learnpress/assets/js/vendor/watch91f6.js]
[localhost/deptsite/wordpress/wp-content/plugins/learnpress/assets/js/vendor/jquery.alert91f6.js]
[localhost/deptsite/wordpress/wp-content/plugins/learnpress/assets/js/vendor/circle-bar91f6.js]
[localhost/deptsite/wordpress/wp-content/plugins/learnpress/assets/js/global91f6.js]
[localhost/deptsite/wordpress/wp-content/plugins/learnpress/assets/js/vendor/jquery-scrollbar/jquery.scrollbar91f6.js]
[localhost/deptsite/wordpress/wp-content/plugins/learnpress/assets/js/frontend/learnpress91f6.js]
[localhost/deptsite/wordpress/wp-content/plugins/learnpress/assets/js/frontend/course91f6.js]
[localhost/deptsite/wordpress/wp-content/plugins/learnpress/assets/js/vendor/jquery.scrollTo91f6.js]
[localhost/deptsite/wordpress/wp-content/plugins/learnpress/assets/js/frontend/become-teacher91f6.js]
[localhost/deptsite/wordpress/index4390.json]
[localhost/deptsite/wordpress/index6b1d.php]
[localhost/deptsite/wordpress/wp-content/uploads/2019/07/IMG_0328-800x550.jpg]
[localhost/deptsite/wordpress/index4e54.html]
[localhost/deptsite/wordpress/wp-content/plugins/learnpress/assets/css/font-awesome.min0d24.css]
[localhost/deptsite/wordpress/wp-content/plugins/learnpress/assets/css/learnpress0d24.css]
[localhost/deptsite/wordpress/wp-content/plugins/learnpress/assets/js/vendor/jquery-scrollbar/jquery.scrollbar0d24.css]
[localhost/deptsite/wordpress/wp-content/plugins/learnpress/assets/js/vendor/watch993d.js]
[localhost/deptsite/wordpress/wp-content/plugins/learnpress/assets/js/vendor/jquery.alert993d.js]
[localhost/deptsite/wordpress/wp-content/plugins/learnpress/assets/js/vendor/circle-bar993d.js]
[localhost/deptsite/wordpress/wp-content/plugins/learnpress/assets/js/global993d.js]
[localhost/deptsite/wordpress/wp-content/plugins/learnpress/assets/js/vendor/jquery-scrollbar/jquery.scrollbar993d.js]
[localhost/deptsite/wordpress/wp-content/plugins/learnpress/assets/js/frontend/learnpress993d.js]
[localhost/deptsite/wordpress/wp-content/plugins/learnpress/assets/js/frontend/course993d.js]
[localhost/deptsite/wordpress/wp-content/plugins/learnpress/assets/js/vendor/jquery.scrollTo993d.js]
[localhost/deptsite/wordpress/wp-content/plugins/learnpress/assets/js/frontend/become-teacher993d.js]
[localhost/deptsite/wordpress/index301c.html]
[localhost/deptsite/wordpress/wp-content/plugins/learnpress/assets/css/font-awesome.minad44.css]
[localhost/deptsite/wordpress/wp-content/plugins/learnpress/assets/css/learnpressad44.css]
[localhost/deptsite/wordpress/wp-content/plugins/learnpress/assets/js/vendor/jquery-scrollbar/jquery.scrollbarad44.css]
[localhost/deptsite/wordpress/wp-content/plugins/learnpress/assets/css/font-awesome.min88a6.css]
[localhost/deptsite/wordpress/wp-content/plugins/learnpress/assets/css/learnpress88a6.css]
[localhost/deptsite/wordpress/wp-content/plugins/learnpress/assets/js/vendor/jquery-scrollbar/jquery.scrollbar88a6.css]
[localhost/deptsite/wordpress/wp-content/plugins/learnpress/assets/css/font-awesome.min13c0.css]
[localhost/deptsite/wordpress/wp-content/plugins/learnpress/assets/css/learnpress13c0.css]
[localhost/deptsite/wordpress/wp-content/plugins/learnpress/assets/js/vendor/jquery-scrollbar/jquery.scrollbar13c0.css]
[localhost/deptsite/wordpress/wp-content/plugins/learnpress/assets/css/font-awesome.min4a8d.css]
[localhost/deptsite/wordpress/wp-content/plugins/learnpress/assets/css/learnpress4a8d.css]
[localhost/deptsite/wordpress/wp-content/plugins/learnpress/assets/js/vendor/jquery-scrollbar/jquery.scrollbar4a8d.css]
[localhost/deptsite/wordpress/wp-content/plugins/learnpress/assets/css/font-awesome.min1a28.css]
[localhost/deptsite/wordpress/wp-content/plugins/learnpress/assets/css/learnpress1a28.css]
[localhost/deptsite/wordpress/wp-content/plugins/learnpress/assets/js/vendor/jquery-scrollbar/jquery.scrollbar1a28.css]
[localhost/deptsite/wordpress/wp-includes/fonts/dashicons2ce6.eot]
[localhost/deptsite/wordpress/wp-includes/fonts/dashicons2ce6.ttf]
[localhost/deptsite/wordpress/wp-includes/css/dashicons.min2513.css]
[localhost/deptsite/wordpress/wp-includes/css/buttons.min2513.css]
[localhost/deptsite/wordpress/wp-admin/images/loading.gif]
[localhost/deptsite/wordpress/wp-admin/css/forms.min2513.css]
[localhost/deptsite/wordpress/wp-admin/css/l10n.min2513.css]
[localhost/deptsite/wordpress/wp-admin/images/w-logo-blue7a53.png]
[localhost/deptsite/wordpress/wp-admin/css/login.min2513.css]
[localhost/deptsite/wordpress/wp-admin/&reauth=1.html]
[localhost/deptsite/wordpress/wp-loginc2b6.html]
[localhost/deptsite/wordpress/wp-content/plugins/learnpress/assets/css/font-awesome.minc064.css]
[localhost/deptsite/wordpress/wp-content/plugins/learnpress/assets/css/learnpressc064.css]
[localhost/deptsite/wordpress/wp-content/plugins/learnpress/assets/js/vendor/jquery-scrollbar/jquery.scrollbarc064.css]
[localhost/deptsite/wordpress/index7a58.html]
[localhost/deptsite/wordpress/wp-content/plugins/learnpress/assets/js/vendor/watch528a.js]
[localhost/deptsite/wordpress/wp-content/plugins/learnpress/assets/js/vendor/jquery.alert528a.js]
[localhost/deptsite/wordpress/wp-content/plugins/learnpress/assets/js/vendor/circle-bar528a.js]
[localhost/deptsite/wordpress/wp-content/plugins/learnpress/assets/js/global528a.js]
[localhost/deptsite/wordpress/wp-content/plugins/learnpress/assets/js/vendor/jquery-scrollbar/jquery.scrollbar528a.js]
[localhost/deptsite/wordpress/wp-content/plugins/learnpress/assets/js/frontend/learnpress528a.js]
[localhost/deptsite/wordpress/wp-content/plugins/learnpress/assets/js/frontend/course528a.js]
[localhost/deptsite/wordpress/wp-content/plugins/learnpress/assets/js/vendor/jquery.scrollTo528a.js]
[localhost/deptsite/wordpress/wp-content/plugins/learnpress/assets/js/frontend/become-teacher528a.js]
[localhost/deptsite/wordpress/index9e77.json]
[localhost/deptsite/wordpress/indexe78f.php]
[localhost/deptsite/wordpress/wp-content/uploads/2019/07/DSC_0432-800x550.jpg]
[localhost/deptsite/wordpress/index45b9.html]
[localhost/deptsite/wordpress/wp-content/plugins/learnpress/assets/css/font-awesome.min91f6.css]
[localhost/deptsite/wordpress/wp-content/plugins/learnpress/assets/css/learnpress91f6.css]
[localhost/deptsite/wordpress/wp-content/plugins/learnpress/assets/js/vendor/jquery-scrollbar/jquery.scrollbar91f6.css]
[localhost/deptsite/wordpress/index1cc0.html]
[localhost/deptsite/wordpress/wp-content/plugins/learnpress/assets/js/vendor/watchabbb.js]
[localhost/deptsite/wordpress/wp-content/plugins/learnpress/assets/js/vendor/jquery.alertabbb.js]
[localhost/deptsite/wordpress/wp-content/plugins/learnpress/assets/js/vendor/circle-barabbb.js]
[localhost/deptsite/wordpress/wp-content/plugins/learnpress/assets/js/globalabbb.js]
[localhost/deptsite/wordpress/wp-content/plugins/learnpress/assets/js/vendor/jquery-scrollbar/jquery.scrollbarabbb.js]
[localhost/deptsite/wordpress/wp-content/plugins/learnpress/assets/js/frontend/learnpressabbb.js]
[localhost/deptsite/wordpress/wp-content/plugins/learnpress/assets/js/frontend/courseabbb.js]
[localhost/deptsite/wordpress/wp-content/plugins/learnpress/assets/js/vendor/jquery.scrollToabbb.js]
[localhost/deptsite/wordpress/wp-content/plugins/learnpress/assets/js/frontend/become-teacherabbb.js]
[localhost/deptsite/wordpress/index842a.json]
[localhost/deptsite/wordpress/index3754.php]
[localhost/deptsite/wordpress/wp-content/uploads/2019/07/DSC_0416-800x550.jpg]
[localhost/deptsite/wordpress/indexae1a.html]
[localhost/deptsite/wordpress/wp-content/plugins/learnpress/assets/css/font-awesome.min993d.css]
[localhost/deptsite/wordpress/wp-content/plugins/learnpress/assets/css/learnpress993d.css]
[localhost/deptsite/wordpress/wp-content/plugins/learnpress/assets/js/vendor/jquery-scrollbar/jquery.scrollbar993d.css]
[localhost/deptsite/wordpress/wp-admin/images/wordpress-logo7d6b.svg]
[localhost/deptsite/wordpress/wp-login.html]
[localhost/deptsite/wordpress/wp-content/plugins/learnpress/assets/css/font-awesome.min528a.css]
[localhost/deptsite/wordpress/wp-content/plugins/learnpress/assets/css/learnpress528a.css]
[localhost/deptsite/wordpress/wp-content/plugins/learnpress/assets/js/vendor/jquery-scrollbar/jquery.scrollbar528a.css]
[localhost/deptsite/wordpress/index5d09.html]
[localhost/deptsite/wordpress/wp-content/plugins/learnpress/assets/js/vendor/watch1edf.js]
[localhost/deptsite/wordpress/wp-content/plugins/learnpress/assets/js/vendor/jquery.alert1edf.js]
[localhost/deptsite/wordpress/wp-content/plugins/learnpress/assets/js/vendor/circle-bar1edf.js]
[localhost/deptsite/wordpress/wp-content/plugins/learnpress/assets/js/global1edf.js]
[localhost/deptsite/wordpress/wp-content/plugins/learnpress/assets/js/vendor/jquery-scrollbar/jquery.scrollbar1edf.js]
[localhost/deptsite/wordpress/wp-content/plugins/learnpress/assets/js/frontend/learnpress1edf.js]
[localhost/deptsite/wordpress/wp-content/plugins/learnpress/assets/js/frontend/course1edf.js]
[localhost/deptsite/wordpress/wp-content/plugins/learnpress/assets/js/vendor/jquery.scrollTo1edf.js]
[localhost/deptsite/wordpress/wp-content/plugins/learnpress/assets/js/frontend/become-teacher1edf.js]
[localhost/deptsite/wordpress/index878a.json]
[localhost/deptsite/wordpress/index1514.php]
[localhost/deptsite/wordpress/wp-content/uploads/2019/07/IMG_0004-800x550.jpg]
[localhost/deptsite/wordpress/index4b4b.html]
[localhost/deptsite/wordpress/wp-content/plugins/learnpress/assets/css/font-awesome.minabbb.css]
[localhost/deptsite/wordpress/wp-content/plugins/learnpress/assets/css/learnpressabbb.css]
[localhost/deptsite/wordpress/wp-content/plugins/learnpress/assets/js/vendor/jquery-scrollbar/jquery.scrollbarabbb.css]
[localhost/deptsite/wordpress/index767a.html]
[localhost/deptsite/wordpress/wp-content/plugins/learnpress/assets/js/vendor/watch4a0d.js]
[localhost/deptsite/wordpress/wp-content/plugins/learnpress/assets/js/vendor/jquery.alert4a0d.js]
[localhost/deptsite/wordpress/wp-content/plugins/learnpress/assets/js/vendor/circle-bar4a0d.js]
[localhost/deptsite/wordpress/wp-content/plugins/learnpress/assets/js/global4a0d.js]
[localhost/deptsite/wordpress/wp-content/plugins/learnpress/assets/js/vendor/jquery-scrollbar/jquery.scrollbar4a0d.js]
[localhost/deptsite/wordpress/wp-content/plugins/learnpress/assets/js/frontend/learnpress4a0d.js]
[localhost/deptsite/wordpress/wp-content/plugins/learnpress/assets/js/frontend/course4a0d.js]
[localhost/deptsite/wordpress/wp-content/plugins/learnpress/assets/js/vendor/jquery.scrollTo4a0d.js]
[localhost/deptsite/wordpress/wp-content/plugins/learnpress/assets/js/frontend/become-teacher4a0d.js]
[localhost/deptsite/wordpress/index45a9.json]
[localhost/deptsite/wordpress/index2827.php]
[localhost/deptsite/wordpress/wp-content/uploads/2019/07/DSC_0408-800x550.jpg]
[localhost/deptsite/wordpress/index0574.html]
[localhost/deptsite/wordpress/wp-content/plugins/learnpress/assets/css/font-awesome.min1edf.css]
[localhost/deptsite/wordpress/wp-content/plugins/learnpress/assets/css/learnpress1edf.css]
[localhost/deptsite/wordpress/wp-content/plugins/learnpress/assets/js/vendor/jquery-scrollbar/jquery.scrollbar1edf.css]
[localhost/deptsite/wordpress/index030b.html]
[localhost/deptsite/wordpress/wp-content/plugins/learnpress/assets/css/font-awesome.min4a0d.css]
[localhost/deptsite/wordpress/wp-content/plugins/learnpress/assets/css/learnpress4a0d.css]
[localhost/deptsite/wordpress/wp-content/plugins/learnpress/assets/js/vendor/jquery-scrollbar/jquery.scrollbar4a0d.css]
[localhost/deptsite/wordpress/indexaa11.html]
